// Jest Snapshot v1, https://goo.gl/fbAQLP

exports[`renders render contact component 1`] = `
Object {
  "asFragment": [Function],
  "baseElement": <body>
    <div>
      <div
        class="flex items-center justify-center "
      >
        <div
          class="w-full mx-auto px-2 sm:px-6 lg:px-8"
        >
          <div
            class="w-full"
          >
            <form>
              <div
                class="form-control w-full"
              >
                <label
                  class="label"
                >
                  <span
                    class="label-text"
                  >
                    Fullname
                  </span>
                </label>
                <input
                  class="input input-bordered w-full"
                  name="fullname"
                  placeholder="Type here"
                  type="text"
                />
              </div>
              <div
                class="form-control w-full"
              >
                <label
                  class="label"
                >
                  <span
                    class="label-text"
                  >
                    Email
                  </span>
                </label>
                <input
                  class="input input-bordered w-full"
                  name="email"
                  placeholder="Type here"
                  type="text"
                />
              </div>
              <div
                class="form-control"
              >
                <label
                  class="label"
                >
                  <span
                    class="label-text"
                  >
                    Content
                  </span>
                </label>
                <textarea
                  class="textarea textarea-bordered h-24"
                  name="content"
                  placeholder="Bio"
                />
              </div>
              <div
                class="form-control"
              >
                <label
                  class="label"
                />
                <button
                  class="btn btn-secondary btn-outline"
                  type="submit"
                >
                  Submit
                </button>
              </div>
            </form>
          </div>
        </div>
      </div>
    </div>
  </body>,
  "container": <div>
    <div
      class="flex items-center justify-center "
    >
      <div
        class="w-full mx-auto px-2 sm:px-6 lg:px-8"
      >
        <div
          class="w-full"
        >
          <form>
            <div
              class="form-control w-full"
            >
              <label
                class="label"
              >
                <span
                  class="label-text"
                >
                  Fullname
                </span>
              </label>
              <input
                class="input input-bordered w-full"
                name="fullname"
                placeholder="Type here"
                type="text"
              />
            </div>
            <div
              class="form-control w-full"
            >
              <label
                class="label"
              >
                <span
                  class="label-text"
                >
                  Email
                </span>
              </label>
              <input
                class="input input-bordered w-full"
                name="email"
                placeholder="Type here"
                type="text"
              />
            </div>
            <div
              class="form-control"
            >
              <label
                class="label"
              >
                <span
                  class="label-text"
                >
                  Content
                </span>
              </label>
              <textarea
                class="textarea textarea-bordered h-24"
                name="content"
                placeholder="Bio"
              />
            </div>
            <div
              class="form-control"
            >
              <label
                class="label"
              />
              <button
                class="btn btn-secondary btn-outline"
                type="submit"
              >
                Submit
              </button>
            </div>
          </form>
        </div>
      </div>
    </div>
  </div>,
  "debug": [Function],
  "findAllByAltText": [Function],
  "findAllByDisplayValue": [Function],
  "findAllByLabelText": [Function],
  "findAllByPlaceholderText": [Function],
  "findAllByRole": [Function],
  "findAllByTestId": [Function],
  "findAllByText": [Function],
  "findAllByTitle": [Function],
  "findByAltText": [Function],
  "findByDisplayValue": [Function],
  "findByLabelText": [Function],
  "findByPlaceholderText": [Function],
  "findByRole": [Function],
  "findByTestId": [Function],
  "findByText": [Function],
  "findByTitle": [Function],
  "getAllByAltText": [Function],
  "getAllByDisplayValue": [Function],
  "getAllByLabelText": [Function],
  "getAllByPlaceholderText": [Function],
  "getAllByRole": [Function],
  "getAllByTestId": [Function],
  "getAllByText": [Function],
  "getAllByTitle": [Function],
  "getByAltText": [Function],
  "getByDisplayValue": [Function],
  "getByLabelText": [Function],
  "getByPlaceholderText": [Function],
  "getByRole": [Function],
  "getByTestId": [Function],
  "getByText": [Function],
  "getByTitle": [Function],
  "queryAllByAltText": [Function],
  "queryAllByDisplayValue": [Function],
  "queryAllByLabelText": [Function],
  "queryAllByPlaceholderText": [Function],
  "queryAllByRole": [Function],
  "queryAllByTestId": [Function],
  "queryAllByText": [Function],
  "queryAllByTitle": [Function],
  "queryByAltText": [Function],
  "queryByDisplayValue": [Function],
  "queryByLabelText": [Function],
  "queryByPlaceholderText": [Function],
  "queryByRole": [Function],
  "queryByTestId": [Function],
  "queryByText": [Function],
  "queryByTitle": [Function],
  "rerender": [Function],
  "unmount": [Function],
}
`;
